
> searcher-connector@0.1.0 build
> next build

  Γû▓ Next.js 14.2.35
  - Environments: .env

   Creating an optimized production build ...
node.exe : Failed to compile.
Au caractère Ligne:1 : 1
+ & "C:\Program Files\nodejs/node.exe" "C:\Program Files\nodejs/node_mo ...
+ ~~~~~~~~~~~~~~~~~~~~~~~~~~~~~~~~~~~~~~~~~~~~~~~~~~~~~~~~~~~~~~~~~~~~~
    + CategoryInfo          : NotSpecified: (Failed to compile.:String) [], Re 
   moteException
    + FullyQualifiedErrorId : NativeCommandError
 

./src/pages/api/cache/populate.ts
Module not found: Can't resolve '../../lib/scraper/cache-manager'

https://nextjs.org/docs/messages/module-not-found

./src/pages/api/cache/populate.ts
Module not found: Can't resolve '../../lib/scraper/generators'

https://nextjs.org/docs/messages/module-not-found

./src/pages/api/v1/[...path].ts
Module not found: Can't resolve '../../lib/api-keys'

https://nextjs.org/docs/messages/module-not-found

./src/pages/api/v1/[...path].ts
Module not found: Can't resolve '../../lib/scraper/scraper-core'

https://nextjs.org/docs/messages/module-not-found

./src/pages/api/v1/[...path].ts
Module not found: Can't resolve '../../lib/scraper/actor-registry'

https://nextjs.org/docs/messages/module-not-found


> Build failed because of webpack errors
